Archive member included to satisfy reference by file (symbol)

G:/app/STM32CubeCLT_1.19.0/GNU-tools-for-STM32/bin/../lib/gcc/arm-none-eabi/13.3.1/thumb/v7-m/nofp\libgcc.a(_arm_muldf3.o)
                              CMakeFiles/OLED_test.dir/Core/Src/TLE5012B.c.obj (__aeabi_dmul)
G:/app/STM32CubeCLT_1.19.0/GNU-tools-for-STM32/bin/../lib/gcc/arm-none-eabi/13.3.1/thumb/v7-m/nofp\libgcc.a(_arm_mulsf3.o)
                              CMakeFiles/OLED_test.dir/Core/Src/TLE5012B.c.obj (__aeabi_fmul)
G:/app/STM32CubeCLT_1.19.0/GNU-tools-for-STM32/bin/../lib/gcc/arm-none-eabi/13.3.1/thumb/v7-m/nofp\libgcc.a(_arm_addsubdf3.o)
                              CMakeFiles/OLED_test.dir/Core/Src/TLE5012B.c.obj (__aeabi_i2d)
G:/app/STM32CubeCLT_1.19.0/GNU-tools-for-STM32/bin/../lib/gcc/arm-none-eabi/13.3.1/thumb/v7-m/nofp\libgcc.a(_arm_muldivdf3.o)
                              CMakeFiles/OLED_test.dir/Core/Src/TLE5012B.c.obj (__aeabi_ddiv)
G:/app/STM32CubeCLT_1.19.0/GNU-tools-for-STM32/bin/../lib/gcc/arm-none-eabi/13.3.1/thumb/v7-m/nofp\libgcc.a(_arm_fixdfsi.o)
                              CMakeFiles/OLED_test.dir/Core/Src/TLE5012B.c.obj (__aeabi_d2iz)
G:/app/STM32CubeCLT_1.19.0/GNU-tools-for-STM32/bin/../lib/gcc/arm-none-eabi/13.3.1/thumb/v7-m/nofp\libgcc.a(_arm_truncdfsf2.o)
                              CMakeFiles/OLED_test.dir/Core/Src/TLE5012B.c.obj (__aeabi_d2f)
G:/app/STM32CubeCLT_1.19.0/GNU-tools-for-STM32/bin/../lib/gcc/arm-none-eabi/13.3.1/thumb/v7-m/nofp\libgcc.a(_arm_addsubsf3.o)
                              CMakeFiles/OLED_test.dir/Core/Src/TLE5012B.c.obj (__aeabi_i2f)
G:/app/STM32CubeCLT_1.19.0/GNU-tools-for-STM32/bin/../lib/gcc/arm-none-eabi/13.3.1/thumb/v7-m/nofp\libgcc.a(_arm_muldivsf3.o)
                              CMakeFiles/OLED_test.dir/Core/Src/TLE5012B.c.obj (__aeabi_fdiv)
G:/app/STM32CubeCLT_1.19.0/GNU-tools-for-STM32/bin/../lib/gcc/arm-none-eabi/13.3.1/thumb/v7-m/nofp\libgcc.a(_arm_fixsfsi.o)
                              CMakeFiles/OLED_test.dir/Core/Src/main.c.obj (__aeabi_f2iz)
G:/app/STM32CubeCLT_1.19.0/GNU-tools-for-STM32/bin/../lib/gcc/arm-none-eabi/13.3.1/../../../../arm-none-eabi/lib/thumb/v7-m/nofp\libg_nano.a(libc_a-exit.o)
                              G:/app/STM32CubeCLT_1.19.0/GNU-tools-for-STM32/bin/../lib/gcc/arm-none-eabi/13.3.1/../../../../arm-none-eabi/lib/thumb/v7-m/nofp/crt0.o (exit)
G:/app/STM32CubeCLT_1.19.0/GNU-tools-for-STM32/bin/../lib/gcc/arm-none-eabi/13.3.1/../../../../arm-none-eabi/lib/thumb/v7-m/nofp\libg_nano.a(libc_a-findfp.o)
                              G:/app/STM32CubeCLT_1.19.0/GNU-tools-for-STM32/bin/../lib/gcc/arm-none-eabi/13.3.1/../../../../arm-none-eabi/lib/thumb/v7-m/nofp\libg_nano.a(libc_a-exit.o) (__stdio_exit_handler)
G:/app/STM32CubeCLT_1.19.0/GNU-tools-for-STM32/bin/../lib/gcc/arm-none-eabi/13.3.1/../../../../arm-none-eabi/lib/thumb/v7-m/nofp\libg_nano.a(libc_a-fwalk.o)
                              G:/app/STM32CubeCLT_1.19.0/GNU-tools-for-STM32/bin/../lib/gcc/arm-none-eabi/13.3.1/../../../../arm-none-eabi/lib/thumb/v7-m/nofp\libg_nano.a(libc_a-findfp.o) (_fwalk_sglue)
G:/app/STM32CubeCLT_1.19.0/GNU-tools-for-STM32/bin/../lib/gcc/arm-none-eabi/13.3.1/../../../../arm-none-eabi/lib/thumb/v7-m/nofp\libg_nano.a(libc_a-stdio.o)
                              G:/app/STM32CubeCLT_1.19.0/GNU-tools-for-STM32/bin/../lib/gcc/arm-none-eabi/13.3.1/../../../../arm-none-eabi/lib/thumb/v7-m/nofp\libg_nano.a(libc_a-findfp.o) (__sread)
G:/app/STM32CubeCLT_1.19.0/GNU-tools-for-STM32/bin/../lib/gcc/arm-none-eabi/13.3.1/../../../../arm-none-eabi/lib/thumb/v7-m/nofp\libg_nano.a(libc_a-memset.o)
                              G:/app/STM32CubeCLT_1.19.0/GNU-tools-for-STM32/bin/../lib/gcc/arm-none-eabi/13.3.1/../../../../arm-none-eabi/lib/thumb/v7-m/nofp/crt0.o (memset)
G:/app/STM32CubeCLT_1.19.0/GNU-tools-for-STM32/bin/../lib/gcc/arm-none-eabi/13.3.1/../../../../arm-none-eabi/lib/thumb/v7-m/nofp\libg_nano.a(libc_a-closer.o)
                              G:/app/STM32CubeCLT_1.19.0/GNU-tools-for-STM32/bin/../lib/gcc/arm-none-eabi/13.3.1/../../../../arm-none-eabi/lib/thumb/v7-m/nofp\libg_nano.a(libc_a-stdio.o) (_close_r)
G:/app/STM32CubeCLT_1.19.0/GNU-tools-for-STM32/bin/../lib/gcc/arm-none-eabi/13.3.1/../../../../arm-none-eabi/lib/thumb/v7-m/nofp\libg_nano.a(libc_a-reent.o)
                              G:/app/STM32CubeCLT_1.19.0/GNU-tools-for-STM32/bin/../lib/gcc/arm-none-eabi/13.3.1/../../../../arm-none-eabi/lib/thumb/v7-m/nofp\libg_nano.a(libc_a-closer.o) (errno)
G:/app/STM32CubeCLT_1.19.0/GNU-tools-for-STM32/bin/../lib/gcc/arm-none-eabi/13.3.1/../../../../arm-none-eabi/lib/thumb/v7-m/nofp\libg_nano.a(libc_a-impure.o)
                              G:/app/STM32CubeCLT_1.19.0/GNU-tools-for-STM32/bin/../lib/gcc/arm-none-eabi/13.3.1/../../../../arm-none-eabi/lib/thumb/v7-m/nofp\libg_nano.a(libc_a-reent.o) (_impure_ptr)
G:/app/STM32CubeCLT_1.19.0/GNU-tools-for-STM32/bin/../lib/gcc/arm-none-eabi/13.3.1/../../../../arm-none-eabi/lib/thumb/v7-m/nofp\libg_nano.a(libc_a-lseekr.o)
[...]
Memory Configuration

Name             Origin             Length             Attributes
RAM              0x20000000         0x00005000         xrw
FLASH            0x08000000         0x00010000         xr
*default*        0x00000000         0xffffffff

Linker script and memory map

LOAD G:/app/STM32CubeCLT_1.19.0/GNU-tools-for-STM32/bin/../lib/gcc/arm-none-eabi/13.3.1/thumb/v7-m/nofp/crti.o
LOAD G:/app/STM32CubeCLT_1.19.0/GNU-tools-for-STM32/bin/../lib/gcc/arm-none-eabi/13.3.1/thumb/v7-m/nofp/crtbegin.o
LOAD G:/app/STM32CubeCLT_1.19.0/GNU-tools-for-STM32/bin/../lib/gcc/arm-none-eabi/13.3.1/../../../../arm-none-eabi/lib/thumb/v7-m/nofp/crt0.o
LOAD cmake/stm32cubemx/CMakeFiles/STM32_Drivers.dir/__/__/Core/Src/system_stm32f1xx.c.obj
LOAD cmake/stm32cubemx/CMakeFiles/STM32_Drivers.dir/__/__/Drivers/STM32F1xx_HAL_Driver/Src/stm32f1xx_hal_gpio_ex.c.obj
LOAD cmake/stm32cubemx/CMakeFiles/STM32_Drivers.dir/__/__/Drivers/STM32F1xx_HAL_Driver/Src/stm32f1xx_hal_spi.c.obj
LOAD cmake/stm32cubemx/CMakeFiles/STM32_Drivers.dir/__/__/Drivers/STM32F1xx_HAL_Driver/Src/stm32f1xx_hal.c.obj
LOAD cmake/stm32cubemx/CMakeFiles/STM32_Drivers.dir/__/__/Drivers/STM32F1xx_HAL_Driver/Src/stm32f1xx_hal_rcc.c.obj
LOAD cmake/stm32cubemx/CMakeFiles/STM32_Drivers.dir/__/__/Drivers/STM32F1xx_HAL_Driver/Src/stm32f1xx_hal_rcc_ex.c.obj
LOAD cmake/stm32cubemx/CMakeFiles/STM32_Drivers.dir/__/__/Drivers/STM32F1xx_HAL_Driver/Src/stm32f1xx_hal_gpio.c.obj
LOAD cmake/stm32cubemx/CMakeFiles/STM32_Drivers.dir/__/__/Drivers/STM32F1xx_HAL_Driver/Src/stm32f1xx_hal_dma.c.obj
LOAD cmake/stm32cubemx/CMakeFiles/STM32_Drivers.dir/__/__/Drivers/STM32F1xx_HAL_Driver/Src/stm32f1xx_hal_cortex.c.obj
LOAD cmake/stm32cubemx/CMakeFiles/STM32_Drivers.dir/__/__/Drivers/STM32F1xx_HAL_Driver/Src/stm32f1xx_hal_pwr.c.obj
LOAD cmake/stm32cubemx/CMakeFiles/STM32_Drivers.dir/__/__/Drivers/STM32F1xx_HAL_Driver/Src/stm32f1xx_hal_flash.c.obj
LOAD cmake/stm32cubemx/CMakeFiles/STM32_Drivers.dir/__/__/Drivers/STM32F1xx_HAL_Driver/Src/stm32f1xx_hal_flash_ex.c.obj
LOAD cmake/stm32cubemx/CMakeFiles/STM32_Drivers.dir/__/__/Drivers/STM32F1xx_HAL_Driver/Src/stm32f1xx_hal_exti.c.obj
LOAD CMakeFiles/OLED_test.dir/Core/Src/main.c.obj
LOAD CMakeFiles/OLED_test.dir/Core/Src/gpio.c.obj
LOAD CMakeFiles/OLED_test.dir/Core/Src/spi.c.obj
LOAD CMakeFiles/OLED_test.dir/Core/Src/stm32f1xx_it.c.obj
LOAD CMakeFiles/OLED_test.dir/Core/Src/stm32f1xx_hal_msp.c.obj
LOAD CMakeFiles/OLED_test.dir/Core/Src/sysmem.c.obj
LOAD CMakeFiles/OLED_test.dir/Core/Src/syscalls.c.obj
LOAD CMakeFiles/OLED_test.dir/startup_stm32f103xb.s.obj
LOAD CMakeFiles/OLED_test.dir/Core/Src/OLED.c.obj
LOAD CMakeFiles/OLED_test.dir/Core/Src/TLE5012B.c.obj
LOAD G:/app/STM32CubeCLT_1.19.0/GNU-tools-for-STM32/bin/../lib/gcc/arm-none-eabi/13.3.1/../../../../arm-none-eabi/lib/thumb/v7-m/nofp\libm.a
START GROUP
LOAD G:/app/STM32CubeCLT_1.19.0/GNU-tools-for-STM32/bin/../lib/gcc/arm-none-eabi/13.3.1/thumb/v7-m/nofp\libgcc.a
LOAD G:/app/STM32CubeCLT_1.19.0/GNU-tools-for-STM32/bin/../lib/gcc/arm-none-eabi/13.3.1/../../../../arm-none-eabi/lib/thumb/v7-m/nofp\libg_nano.a
LOAD G:/app/STM32CubeCLT_1.19.0/GNU-tools-for-STM32/bin/../lib/gcc/arm-none-eabi/13.3.1/../../../../arm-none-eabi/lib/thumb/v7-m/nofp\libc_nano.a
END GROUP
START GROUP
LOAD G:/app/STM32CubeCLT_1.19.0/GNU-tools-for-STM32/bin/../lib/gcc/arm-none-eabi/13.3.1/thumb/v7-m/nofp\libgcc.a
LOAD G:/app/STM32CubeCLT_1.19.0/GNU-tools-for-STM32/bin/../lib/gcc/arm-none-eabi/13.3.1/../../../../arm-none-eabi/lib/thumb/v7-m/nofp\libc_nano.a
END GROUP
LOAD G:/app/STM32CubeCLT_1.19.0/GNU-tools-for-STM32/bin/../lib/gcc/arm-none-eabi/13.3.1/thumb/v7-m/nofp/crtend.o
LOAD G:/app/STM32CubeCLT_1.19.0/GNU-tools-for-STM32/bin/../lib/gcc/arm-none-eabi/13.3.1/thumb/v7-m/nofp/crtn.o
                0x20005000                        _estack = (ORIGIN (RAM) + LENGTH (RAM))
                0x00000200                        _Min_Heap_Size = 0x200
                0x00000400                        _Min_Stack_Size = 0x400

.isr_vector     0x08000000      0x10c
                0x08000000                        . = ALIGN (0x4)
 *(.isr_vector)
 .isr_vector    0x08000000      0x10c CMakeFiles/OLED_test.dir/startup_stm32f103xb.s.obj
                0x08000000                g_pfnVectors
                0x0800010c                        . = ALIGN (0x4)

.text           0x08000110     0x320c
                0x08000110                        . = ALIGN (0x4)
 *(.text)
 .text          0x08000110       0x40 G:/app/STM32CubeCLT_1.19.0/GNU-tools-for-STM32/bin/../lib/gcc/arm-none-eabi/13.3.1/thumb/v7-m/nofp/crtbegin.o
 .text          0x08000150      0x378 G:/app/STM32CubeCLT_1.19.0/GNU-tools-for-STM32/bin/../lib/gcc/arm-none-eabi/13.3.1/thumb/v7-m/nofp\libgcc.a(_arm_addsubdf3.o)
                0x08000150                __aeabi_drsub
                0x08000158                __aeabi_dsub
                0x08000158                __subdf3
                0x0800015c                __aeabi_dadd
                0x0800015c                __adddf3
                0x080003d4                __floatunsidf
                0x080003d4                __aeabi_ui2d
                0x080003f4                __floatsidf
                0x080003f4                __aeabi_i2d
                0x08000418                __aeabi_f2d
                0x08000418                __extendsfdf2
                0x0800045c                __floatundidf
                0x0800045c                __aeabi_ul2d
                0x0800046c                __floatdidf
                0x0800046c                __aeabi_l2d
 .text          0x080004c8      0x424 G:/app/STM32CubeCLT_1.19.0/GNU-tools-for-STM32/bin/../lib/gcc/arm-none-eabi/13.3.1/thumb/v7-m/nofp\libgcc.a(_arm_muldivdf3.o)
                0x080004c8                __aeabi_dmul
                0x080004c8                __muldf3
                0x0800071c                __divdf3
                0x0800071c                __aeabi_ddiv
 .text          0x080008ec       0x50 G:/app/STM32CubeCLT_1.19.0/GNU-tools-for-STM32/bin/../lib/gcc/arm-none-eabi/13.3.1/thumb/v7-m/nofp\libgcc.a(_arm_fixdfsi.o)
                0x080008ec                __aeabi_d2iz
                0x080008ec                __fixdfsi
 .text          0x0800093c       0xa0 G:/app/STM32CubeCLT_1.19.0/GNU-tools-for-STM32/bin/../lib/gcc/arm-none-eabi/13.3.1/thumb/v7-m/nofp\libgcc.a(_arm_truncdfsf2.o)
                0x0800093c                __truncdfsf2
                0x0800093c                __aeabi_d2f
 .text          0x080009dc      0x21c G:/app/STM32CubeCLT_1.19.0/GNU-tools-for-STM32/bin/../lib/gcc/arm-none-eabi/13.3.1/thumb/v7-m/nofp\libgcc.a(_arm_addsubsf3.o)
                0x080009dc                __aeabi_frsub
                0x080009e4                __subsf3
                0x080009e4                __aeabi_fsub
                0x080009e8                __aeabi_fadd
                0x080009e8                __addsf3
                0x08000b48                __aeabi_ui2f
                0x08000b48                __floatunsisf
                0x08000b50                __aeabi_i2f
                0x08000b50                __floatsisf
                0x08000b6c                __aeabi_ul2f
                0x08000b6c                __floatundisf
                0x08000b7c                __aeabi_l2f
                0x08000b7c                __floatdisf
 .text          0x08000bf8      0x2a0 G:/app/STM32CubeCLT_1.19.0/GNU-tools-for-STM32/bin/../lib/gcc/arm-none-eabi/13.3.1/thumb/v7-m/nofp\libgcc.a(_arm_muldivsf3.o)
                0x08000bf8                __mulsf3
                0x08000bf8                __aeabi_fmul
                0x08000d60                __aeabi_fdiv
                0x08000d60                __divsf3
 .text          0x08000e98       0x4c G:/app/STM32CubeCLT_1.19.0/GNU-tools-for-STM32/bin/../lib/gcc/arm-none-eabi/13.3.1/thumb/v7-m/nofp\libgcc.a(_arm_fixsfsi.o)
                0x08000e98                __aeabi_f2iz
                0x08000e98                __fixsfsi
 *(.text*)
 .text.SystemInit
                0x08000ee4        0xc cmake/stm32cubemx/CMakeFiles/STM32_Drivers.dir/__/__/Core/Src/system_stm32f1xx.c.obj
                0x08000ee4                SystemInit
 .text.HAL_SPI_Init
                0x08000ef0      0x108 cmake/stm32cubemx/CMakeFiles/STM32_Drivers.dir/__/__/Drivers/STM32F1xx_HAL_Driver/Src/stm32f1xx_hal_spi.c.obj
                0x08000ef0                HAL_SPI_Init
 .text.HAL_SPI_Transmit
                0x08000ff8      0x288 cmake/stm32cubemx/CMakeFiles/STM32_Drivers.dir/__/__/Drivers/STM32F1xx_HAL_Driver/Src/stm32f1xx_hal_spi.c.obj
                0x08000ff8                HAL_SPI_Transmit
 .text.HAL_SPI_Receive
                0x08001280      0x232 cmake/stm32cubemx/CMakeFiles/STM32_Drivers.dir/__/__/Drivers/STM32F1xx_HAL_Driver/Src/stm32f1xx_hal_spi.c.obj
                0x08001280                HAL_SPI_Receive
 .text.HAL_SPI_TransmitReceive
                0x080014b2      0x352 cmake/stm32cubemx/CMakeFiles/STM32_Drivers.dir/__/__/Drivers/STM32F1xx_HAL_Driver/Src/stm32f1xx_hal_spi.c.obj
                0x080014b2                HAL_SPI_TransmitReceive
 .text.SPI_WaitFlagStateUntilTimeout
                0x08001804      0x110 cmake/stm32cubemx/CMakeFiles/STM32_Drivers.dir/__/__/Drivers/STM32F1xx_HAL_Driver/Src/stm32f1xx_hal_spi.c.obj
 .text.SPI_EndRxTransaction
                0x08001914       0xa4 cmake/stm32cubemx/CMakeFiles/STM32_Drivers.dir/__/__/Drivers/STM32F1xx_HAL_Driver/Src/stm32f1xx_hal_spi.c.obj
 .text.SPI_EndRxTxTransaction
                0x080019b8       0x62 cmake/stm32cubemx/CMakeFiles/STM32_Drivers.dir/__/__/Drivers/STM32F1xx_HAL_Driver/Src/stm32f1xx_hal_spi.c.obj
 *fill*         0x08001a1a        0x2 
 .text.HAL_Init
                0x08001a1c       0x2c cmake/stm32cubemx/CMakeFiles/STM32_Drivers.dir/__/__/Drivers/STM32F1xx_HAL_Driver/Src/stm32f1xx_hal.c.obj
                0x08001a1c                HAL_Init
 .text.HAL_InitTick
                0x08001a48       0x60 cmake/stm32cubemx/CMakeFiles/STM32_Drivers.dir/__/__/Drivers/STM32F1xx_HAL_Driver/Src/stm32f1xx_hal.c.obj
                0x08001a48                HAL_InitTick
 .text.HAL_IncTick
                0x08001aa8       0x24 cmake/stm32cubemx/CMakeFiles/STM32_Drivers.dir/__/__/Drivers/STM32F1xx_HAL_Driver/Src/stm32f1xx_hal.c.obj
                0x08001aa8                HAL_IncTick
 .text.HAL_GetTick
                0x08001acc       0x14 cmake/stm32cubemx/CMakeFiles/STM32_Drivers.dir/__/__/Drivers/STM32F1xx_HAL_Driver/Src/stm32f1xx_hal.c.obj
                0x08001acc                HAL_GetTick
 .text.HAL_Delay
                0x08001ae0       0x48 cmake/stm32cubemx/CMakeFiles/STM32_Drivers.dir/__/__/Drivers/STM32F1xx_HAL_Driver/Src/stm32f1xx_hal.c.obj
                0x08001ae0                HAL_Delay
 .text.HAL_RCC_OscConfig
                0x08001b28      0x504 cmake/stm32cubemx/CMakeFiles/STM32_Drivers.dir/__/__/Drivers/STM32F1xx_HAL_Driver/Src/stm32f1xx_hal_rcc.c.obj
                0x08001b28                HAL_RCC_OscConfig
 .text.HAL_RCC_ClockConfig
                0x0800202c      0x1d4 cmake/stm32cubemx/CMakeFiles/STM32_Drivers.dir/__/__/Drivers/STM32F1xx_HAL_Driver/Src/stm32f1xx_hal_rcc.c.obj
                0x0800202c                HAL_RCC_ClockConfig
 .text.HAL_RCC_GetSysClockFreq
                0x08002200       0xa8 cmake/stm32cubemx/CMakeFiles/STM32_Drivers.dir/__/__/Drivers/STM32F1xx_HAL_Driver/Src/stm32f1xx_hal_rcc.c.obj
                0x08002200                HAL_RCC_GetSysClockFreq
 .text.RCC_Delay
                0x080022a8       0x3c cmake/stm32cubemx/CMakeFiles/STM32_Drivers.dir/__/__/Drivers/STM32F1xx_HAL_Driver/Src/stm32f1xx_hal_rcc.c.obj
 .text.HAL_GPIO_Init
                0x080022e4      0x308 cmake/stm32cubemx/CMakeFiles/STM32_Drivers.dir/__/__/Drivers/STM32F1xx_HAL_Driver/Src/stm32f1xx_hal_gpio.c.obj
                0x080022e4                HAL_GPIO_Init
 .text.HAL_GPIO_WritePin
                0x080025ec       0x30 cmake/stm32cubemx/CMakeFiles/STM32_Drivers.dir/__/__/Drivers/STM32F1xx_HAL_Driver/Src/stm32f1xx_hal_gpio.c.obj
                0x080025ec                HAL_GPIO_WritePin
 .text.__NVIC_SetPriorityGrouping
                0x0800261c       0x48 cmake/stm32cubemx/CMakeFiles/STM32_Drivers.dir/__/__/Drivers/STM32F1xx_HAL_Driver/Src/stm32f1xx_hal_cortex.c.obj
 .text.__NVIC_GetPriorityGrouping
                0x08002664       0x1c cmake/stm32cubemx/CMakeFiles/STM32_Drivers.dir/__/__/Drivers/STM32F1xx_HAL_Driver/Src/stm32f1xx_hal_cortex.c.obj
 .text.__NVIC_SetPriority
                0x08002680       0x54 cmake/stm32cubemx/CMakeFiles/STM32_Drivers.dir/__/__/Drivers/STM32F1xx_HAL_Driver/Src/stm32f1xx_hal_cortex.c.obj
 .text.NVIC_EncodePriority
                0x080026d4       0x64 cmake/stm32cubemx/CMakeFiles/STM32_Drivers.dir/__/__/Drivers/STM32F1xx_HAL_Driver/Src/stm32f1xx_hal_cortex.c.obj
 .text.SysTick_Config
                0x08002738       0x44 cmake/stm32cubemx/CMakeFiles/STM32_Drivers.dir/__/__/Drivers/STM32F1xx_HAL_Driver/Src/stm32f1xx_hal_cortex.c.obj
 .text.HAL_NVIC_SetPriorityGrouping
                0x0800277c       0x16 cmake/stm32cubemx/CMakeFiles/STM32_Drivers.dir/__/__/Drivers/STM32F1xx_HAL_Driver/Src/stm32f1xx_hal_cortex.c.obj
                0x0800277c                HAL_NVIC_SetPriorityGrouping
 .text.HAL_NVIC_SetPriority
                0x08002792       0x38 cmake/stm32cubemx/CMakeFiles/STM32_Drivers.dir/__/__/Drivers/STM32F1xx_HAL_Driver/Src/stm32f1xx_hal_cortex.c.obj
                0x08002792                HAL_NVIC_SetPriority
 .text.HAL_SYSTICK_Config
                0x080027ca       0x18 cmake/stm32cubemx/CMakeFiles/STM32_Drivers.dir/__/__/Drivers/STM32F1xx_HAL_Driver/Src/stm32f1xx_hal_cortex.c.obj
                0x080027ca                HAL_SYSTICK_Config
 *fill*         0x080027e2        0x2 
 .text.main     0x080027e4       0x98 CMakeFiles/OLED_test.dir/Core/Src/main.c.obj
                0x080027e4                main
 .text.SystemClock_Config
                0x0800287c       0x8a CMakeFiles/OLED_test.dir/Core/Src/main.c.obj
                0x0800287c                SystemClock_Config
 .text.Error_Handler
                0x08002906        0xc CMakeFiles/OLED_test.dir/Core/Src/main.c.obj
                0x08002906                Error_Handler
 *fill*         0x08002912        0x2 
 .text.MX_GPIO_Init
                0x08002914       0xc0 CMakeFiles/OLED_test.dir/Core/Src/gpio.c.obj
                0x08002914                MX_GPIO_Init
 .text.MX_SPI1_Init
                0x080029d4       0x70 CMakeFiles/OLED_test.dir/Core/Src/spi.c.obj
                0x080029d4                MX_SPI1_Init
 .text.HAL_SPI_MspInit
                0x08002a44       0x7c CMakeFiles/OLED_test.dir/Core/Src/spi.c.obj
                0x08002a44                HAL_SPI_MspInit
 .text.NMI_Handler
                0x08002ac0        0x8 CMakeFiles/OLED_test.dir/Core/Src/stm32f1xx_it.c.obj
                0x08002ac0                NMI_Handler
 .text.HardFault_Handler
                0x08002ac8        0x8 CMakeFiles/OLED_test.dir/Core/Src/stm32f1xx_it.c.obj
                0x08002ac8                HardFault_Handler
 .text.MemManage_Handler
                0x08002ad0        0x8 CMakeFiles/OLED_test.dir/Core/Src/stm32f1xx_it.c.obj
                0x08002ad0                MemManage_Handler
 .text.BusFault_Handler
                0x08002ad8        0x8 CMakeFiles/OLED_test.dir/Core/Src/stm32f1xx_it.c.obj
                0x08002ad8                BusFault_Handler
 .text.UsageFault_Handler
                0x08002ae0        0x8 CMakeFiles/OLED_test.dir/Core/Src/stm32f1xx_it.c.obj
                0x08002ae0                UsageFault_Handler
 .text.SVC_Handler
                0x08002ae8        0xc CMakeFiles/OLED_test.dir/Core/Src/stm32f1xx_it.c.obj
                0x08002ae8                SVC_Handler
 .text.DebugMon_Handler
                0x08002af4        0xc CMakeFiles/OLED_test.dir/Core/Src/stm32f1xx_it.c.obj
                0x08002af4                DebugMon_Handler
 .text.PendSV_Handler
                0x08002b00        0xc CMakeFiles/OLED_test.dir/Core/Src/stm32f1xx_it.c.obj
                0x08002b00                PendSV_Handler
 .text.SysTick_Handler
                0x08002b0c        0xc CMakeFiles/OLED_test.dir/Core/Src/stm32f1xx_it.c.obj
                0x08002b0c                SysTick_Handler
 .text.HAL_MspInit
                0x08002b18       0x64 CMakeFiles/OLED_test.dir/Core/Src/stm32f1xx_hal_msp.c.obj
                0x08002b18                HAL_MspInit
 .text.Reset_Handler
                0x08002b7c       0x48 CMakeFiles/OLED_test.dir/startup_stm32f103xb.s.obj
                0x08002b7c                Reset_Handler
 .text.Default_Handler
                0x08002bc4        0x2 CMakeFiles/OLED_test.dir/startup_stm32f103xb.s.obj
                0x08002bc4                RTC_Alarm_IRQHandler
                0x08002bc4                EXTI2_IRQHandler
                0x08002bc4                TIM1_CC_IRQHandler
                0x08002bc4                PVD_IRQHandler
                0x08002bc4                EXTI3_IRQHandler
                0x08002bc4                EXTI0_IRQHandler
                0x08002bc4                I2C2_EV_IRQHandler
                0x08002bc4                ADC1_2_IRQHandler
                0x08002bc4                SPI1_IRQHandler
                0x08002bc4                TAMPER_IRQHandler
                0x08002bc4                DMA1_Channel4_IRQHandler
                0x08002bc4                USART3_IRQHandler
                0x08002bc4                RTC_IRQHandler
                0x08002bc4                DMA1_Channel7_IRQHandler
                0x08002bc4                CAN1_RX1_IRQHandler
                0x08002bc4                TIM4_IRQHandler
                0x08002bc4                I2C1_EV_IRQHandler
                0x08002bc4                DMA1_Channel6_IRQHandler
                0x08002bc4                TIM3_IRQHandler
                0x08002bc4                RCC_IRQHandler
                0x08002bc4                TIM1_TRG_COM_IRQHandler
                0x08002bc4                DMA1_Channel1_IRQHandler
                0x08002bc4                Default_Handler
                0x08002bc4                EXTI15_10_IRQHandler
                0x08002bc4                EXTI9_5_IRQHandler
                0x08002bc4                SPI2_IRQHandler
                0x08002bc4                DMA1_Channel5_IRQHandler
                0x08002bc4                EXTI4_IRQHandler
                0x08002bc4                USB_LP_CAN1_RX0_IRQHandler
                0x08002bc4                USB_HP_CAN1_TX_IRQHandler
                0x08002bc4                DMA1_Channel3_IRQHandler
                0x08002bc4                TIM1_UP_IRQHandler
                0x08002bc4                WWDG_IRQHandler
                0x08002bc4                TIM2_IRQHandler
                0x08002bc4                TIM1_BRK_IRQHandler
                0x08002bc4                EXTI1_IRQHandler
                0x08002bc4                USART2_IRQHandler
                0x08002bc4                I2C2_ER_IRQHandler
                0x08002bc4                DMA1_Channel2_IRQHandler
                0x08002bc4                CAN1_SCE_IRQHandler
                0x08002bc4                FLASH_IRQHandler
                0x08002bc4                USART1_IRQHandler
                0x08002bc4                I2C1_ER_IRQHandler
                0x08002bc4                USBWakeUp_IRQHandler
 *fill*         0x08002bc6        0x2 
 .text.OLED_I2C_Init
                0x08002bc8       0x64 CMakeFiles/OLED_test.dir/Core/Src/OLED.c.obj
                0x08002bc8                OLED_I2C_Init
 .text.OLED_I2C_Start
                0x08002c2c       0x3c CMakeFiles/OLED_test.dir/Core/Src/OLED.c.obj
                0x08002c2c                OLED_I2C_Start
 .text.OLED_I2C_Stop
                0x08002c68       0x30 CMakeFiles/OLED_test.dir/Core/Src/OLED.c.obj
                0x08002c68                OLED_I2C_Stop
 .text.OLED_I2C_SendByte
                0x08002c98       0x7c CMakeFiles/OLED_test.dir/Core/Src/OLED.c.obj
                0x08002c98                OLED_I2C_SendByte
 .text.OLED_WriteCommand
                0x08002d14       0x2e CMakeFiles/OLED_test.dir/Core/Src/OLED.c.obj
                0x08002d14                OLED_WriteCommand
 .text.OLED_WriteData
                0x08002d42       0x2e CMakeFiles/OLED_test.dir/Core/Src/OLED.c.obj
                0x08002d42                OLED_WriteData
 .text.OLED_SetCursor
                0x08002d70       0x46 CMakeFiles/OLED_test.dir/Core/Src/OLED.c.obj
                0x08002d70                OLED_SetCursor
 .text.OLED_Clear
                0x08002db6       0x46 CMakeFiles/OLED_test.dir/Core/Src/OLED.c.obj
                0x08002db6                OLED_Clear
 .text.OLED_ShowChar
                0x08002dfc       0xb0 CMakeFiles/OLED_test.dir/Core/Src/OLED.c.obj
                0x08002dfc                OLED_ShowChar
 .text.OLED_ShowString
                0x08002eac       0x4a CMakeFiles/OLED_test.dir/Core/Src/OLED.c.obj
                0x08002eac                OLED_ShowString
 .text.OLED_Pow
                0x08002ef6       0x30 CMakeFiles/OLED_test.dir/Core/Src/OLED.c.obj
                0x08002ef6                OLED_Pow
 *fill*         0x08002f26        0x2 
 .text.OLED_ShowNum
                0x08002f28       0x7c CMakeFiles/OLED_test.dir/Core/Src/OLED.c.obj
                0x08002f28                OLED_ShowNum
 .text.OLED_Init
                0x08002fa4       0xc8 CMakeFiles/OLED_test.dir/Core/Src/OLED.c.obj
                0x08002fa4                OLED_Init
 .text.TLE5012B_Init
                0x0800306c       0x68 CMakeFiles/OLED_test.dir/Core/Src/TLE5012B.c.obj
                0x0800306c                TLE5012B_Init
 .text.TLE5012B_ReadRegister
                0x080030d4       0xa0 CMakeFiles/OLED_test.dir/Core/Src/TLE5012B.c.obj
                0x080030d4                TLE5012B_ReadRegister
 .text.TLE5012B_ReadAngle
                0x08003174       0x58 CMakeFiles/OLED_test.dir/Core/Src/TLE5012B.c.obj
                0x08003174                TLE5012B_ReadAngle
 *fill*         0x080031cc        0x4 
 .text.TLE5012B_ReadSpeed
                0x080031d0       0xdc CMakeFiles/OLED_test.dir/Core/Src/TLE5012B.c.obj
                0x080031d0                TLE5012B_ReadSpeed
 .text.memset   0x080032ac       0x10 G:/app/STM32CubeCLT_1.19.0/GNU-tools-for-STM32/bin/../lib/gcc/arm-none-eabi/13.3.1/../../../../arm-none-eabi/lib/thumb/v7-m/nofp\libg_nano.a(libc_a-memset.o)
                0x080032ac                memset
 .text.__libc_init_array
                0x080032bc       0x48 G:/app/STM32CubeCLT_1.19.0/GNU-tools-for-STM32/bin/../lib/gcc/arm-none-eabi/13.3.1/../../../../arm-none-eabi/lib/thumb/v7-m/nofp\libg_nano.a(libc_a-init.o)
                0x080032bc                __libc_init_array
 *(.glue_7)
 .glue_7        0x08003304        0x0 linker stubs
 *(.glue_7t)
 .glue_7t       0x08003304        0x0 linker stubs
 *(.eh_frame)
 .eh_frame      0x08003304        0x0 G:/app/STM32CubeCLT_1.19.0/GNU-tools-for-STM32/bin/../lib/gcc/arm-none-eabi/13.3.1/thumb/v7-m/nofp/crtbegin.o
 *(.init)
 .init          0x08003304        0x4 G:/app/STM32CubeCLT_1.19.0/GNU-tools-for-STM32/bin/../lib/gcc/arm-none-eabi/13.3.1/thumb/v7-m/nofp/crti.o
                0x08003304                _init
 .init          0x08003308        0x8 G:/app/STM32CubeCLT_1.19.0/GNU-tools-for-STM32/bin/../lib/gcc/arm-none-eabi/13.3.1/thumb/v7-m/nofp/crtn.o
 *(.fini)
 .fini          0x08003310        0x4 G:/app/STM32CubeCLT_1.19.0/GNU-tools-for-STM32/bin/../lib/gcc/arm-none-eabi/13.3.1/thumb/v7-m/nofp/crti.o
                0x08003310                _fini
 .fini          0x08003314        0x8 G:/app/STM32CubeCLT_1.19.0/GNU-tools-for-STM32/bin/../lib/gcc/arm-none-eabi/13.3.1/thumb/v7-m/nofp/crtn.o
                0x0800331c                        . = ALIGN (0x4)
                0x0800331c                        _etext = .

.vfp11_veneer   0x0800331c        0x0
 .vfp11_veneer  0x0800331c        0x0 linker stubs

.v4_bx          0x0800331c        0x0
 .v4_bx         0x0800331c        0x0 linker stubs

.iplt           0x0800331c        0x0
 .iplt          0x0800331c        0x0 G:/app/STM32CubeCLT_1.19.0/GNU-tools-for-STM32/bin/../lib/gcc/arm-none-eabi/13.3.1/thumb/v7-m/nofp/crtbegin.o

.rodata         0x0800331c      0x61c
                0x0800331c                        . = ALIGN (0x4)
 *(.rodata)
 .rodata        0x0800331c        0x7 CMakeFiles/OLED_test.dir/Core/Src/main.c.obj
 *(.rodata*)
 *fill*         0x08003323        0x1 
 .rodata.AHBPrescTable
                0x08003324       0x10 cmake/stm32cubemx/CMakeFiles/STM32_Drivers.dir/__/__/Core/Src/system_stm32f1xx.c.obj
                0x08003324                AHBPrescTable
 .rodata.aPLLMULFactorTable.1
                0x08003334       0x10 cmake/stm32cubemx/CMakeFiles/STM32_Drivers.dir/__/__/Drivers/STM32F1xx_HAL_Driver/Src/stm32f1xx_hal_rcc.c.obj
 .rodata.aPredivFactorTable.0
                0x08003344        0x2 cmake/stm32cubemx/CMakeFiles/STM32_Drivers.dir/__/__/Drivers/STM32F1xx_HAL_Driver/Src/stm32f1xx_hal_rcc.c.obj
 *fill*         0x08003346        0x2 
 .rodata.OLED_F8x16
                0x08003348      0x5f0 CMakeFiles/OLED_test.dir/Core/Src/OLED.c.obj
                0x08003348                OLED_F8x16
                0x08003938                        . = ALIGN (0x4)

.ARM.extab      0x08003938        0x0
                0x08003938                        . = ALIGN (0x4)
 *(.ARM.extab* .gnu.linkonce.armextab.*)
                0x08003938                        . = ALIGN (0x4)

.ARM            0x08003938        0x0
                0x08003938                        . = ALIGN (0x4)
                0x08003938                        __exidx_start = .
 *(.ARM.exidx*)
                0x08003938                        __exidx_end = .
                0x08003938                        . = ALIGN (0x4)

.preinit_array  0x08003938        0x0
                0x08003938                        . = ALIGN (0x4)
                0x08003938                        PROVIDE (__preinit_array_start = .)
 *(.preinit_array*)
                0x08003938                        PROVIDE (__preinit_array_end = .)
                0x08003938                        . = ALIGN (0x4)

.init_array     0x08003938        0x4
                0x08003938                        . = ALIGN (0x4)
                0x08003938                        PROVIDE (__init_array_start = .)
 *(SORT_BY_NAME(.init_array.*))
 *(.init_array*)
 .init_array    0x08003938        0x4 G:/app/STM32CubeCLT_1.19.0/GNU-tools-for-STM32/bin/../lib/gcc/arm-none-eabi/13.3.1/thumb/v7-m/nofp/crtbegin.o
                0x0800393c                        PROVIDE (__init_array_end = .)
                0x0800393c                        . = ALIGN (0x4)

.fini_array     0x0800393c        0x4
                0x0800393c                        . = ALIGN (0x4)
                [!provide]                        PROVIDE (__fini_array_start = .)
 *(SORT_BY_NAME(.fini_array.*))
 *(.fini_array*)
 .fini_array    0x0800393c        0x4 G:/app/STM32CubeCLT_1.19.0/GNU-tools-for-STM32/bin/../lib/gcc/arm-none-eabi/13.3.1/thumb/v7-m/nofp/crtbegin.o
                [!provide]                        PROVIDE (__fini_array_end = .)
                0x08003940                        . = ALIGN (0x4)
                0x08003940                        _sidata = LOADADDR (.data)

.rel.dyn        0x08003940        0x0
 .rel.iplt      0x08003940        0x0 G:/app/STM32CubeCLT_1.19.0/GNU-tools-for-STM32/bin/../lib/gcc/arm-none-eabi/13.3.1/thumb/v7-m/nofp/crtbegin.o

.data           0x20000000        0xc load address 0x08003940
                0x20000000                        . = ALIGN (0x4)
                0x20000000                        _sdata = .
 *(.data)
 *(.data*)
 .data.SystemCoreClock
                0x20000000        0x4 cmake/stm32cubemx/CMakeFiles/STM32_Drivers.dir/__/__/Core/Src/system_stm32f1xx.c.obj
                0x20000000                SystemCoreClock
 .data.uwTickPrio
                0x20000004        0x4 cmake/stm32cubemx/CMakeFiles/STM32_Drivers.dir/__/__/Drivers/STM32F1xx_HAL_Driver/Src/stm32f1xx_hal.c.obj
                0x20000004                uwTickPrio
 .data.uwTickFreq
                0x20000008        0x1 cmake/stm32cubemx/CMakeFiles/STM32_Drivers.dir/__/__/Drivers/STM32F1xx_HAL_Driver/Src/stm32f1xx_hal.c.obj
                0x20000008                uwTickFreq
 *(.RamFunc)
 *(.RamFunc*)
                0x2000000c                        . = ALIGN (0x4)
 *fill*         0x20000009        0x3 

.igot.plt       0x2000000c        0x0 load address 0x0800394c
 .igot.plt      0x2000000c        0x0 G:/app/STM32CubeCLT_1.19.0/GNU-tools-for-STM32/bin/../lib/gcc/arm-none-eabi/13.3.1/thumb/v7-m/nofp/crtbegin.o

.tdata          0x2000000c        0x0 load address 0x0800394c
 *(.tdata .tdata.* .gnu.linkonce.td.*)
                0x2000000c                        . = ALIGN (0x4)
                0x2000000c                        _edata = .
                [!provide]                        PROVIDE (__data_end = .)
                [!provide]                        PROVIDE (__tdata_end = .)
                [!provide]                        PROVIDE (__tdata_start = ADDR (.tdata))
                [!provide]                        PROVIDE (__tdata_size = (__tdata_end - __tdata_start))
                [!provide]                        PROVIDE (__data_start = ADDR (.data))
                [!provide]                        PROVIDE (__data_size = (__data_end - __data_start))
                [!provide]                        PROVIDE (__tdata_source = LOADADDR (.tdata))
                [!provide]                        PROVIDE (__tdata_source_end = (LOADADDR (.tdata) + SIZEOF (.tdata)))
                [!provide]                        PROVIDE (__tdata_source_size = (__tdata_source_end - __tdata_source))
                [!provide]                        PROVIDE (__data_source = LOADADDR (.data))
                [!provide]                        PROVIDE (__data_source_end = __tdata_source_end)
                [!provide]                        PROVIDE (__data_source_size = (__data_source_end - __data_source))

.tbss           0x2000000c        0x0 load address 0x0800394c
                0x2000000c                        _sbss = .
                0x2000000c                        __bss_start__ = _sbss
 *(.tbss .tbss.*)
                0x2000000c                        . = ALIGN (0x4)
                [!provide]                        PROVIDE (__tbss_end = .)
                [!provide]                        PROVIDE (__tbss_start = ADDR (.tbss))
                [!provide]                        PROVIDE (__tbss_size = (__tbss_end - __tbss_start))
                [!provide]                        PROVIDE (__tbss_offset = (ADDR (.tbss) - ADDR (.tdata)))
                [!provide]                        PROVIDE (__tls_base = __tdata_start)
                [!provide]                        PROVIDE (__tls_end = __tbss_end)
                [!provide]                        PROVIDE (__tls_size = (__tls_end - __tls_base))
                [!provide]                        PROVIDE (__tls_align = MAX (ALIGNOF (.tdata), ALIGNOF (.tbss)))
                [!provide]                        PROVIDE (__tls_size_align = (((__tls_size + __tls_align) - 0x1) & ~ ((__tls_align - 0x1))))
                [!provide]                        PROVIDE (__arm32_tls_tcb_offset = MAX (0x8, __tls_align))
                [!provide]                        PROVIDE (__arm64_tls_tcb_offset = MAX (0x10, __tls_align))

.bss            0x2000000c       0x78 load address 0x0800394c
 *(.bss)
 .bss           0x2000000c       0x1c G:/app/STM32CubeCLT_1.19.0/GNU-tools-for-STM32/bin/../lib/gcc/arm-none-eabi/13.3.1/thumb/v7-m/nofp/crtbegin.o
 *(.bss*)
 .bss.uwTick    0x20000028        0x4 cmake/stm32cubemx/CMakeFiles/STM32_Drivers.dir/__/__/Drivers/STM32F1xx_HAL_Driver/Src/stm32f1xx_hal.c.obj
                0x20000028                uwTick
 .bss.hspi1     0x2000002c       0x58 CMakeFiles/OLED_test.dir/Core/Src/spi.c.obj
                0x2000002c                hspi1
 *(COMMON)
                0x20000084                        . = ALIGN (0x4)
                0x20000084                        _ebss = .
                0x20000084                        __bss_end__ = _ebss
                [!provide]                        PROVIDE (__bss_end = .)
                [!provide]                        PROVIDE (__non_tls_bss_start = ADDR (.bss))
                [!provide]                        PROVIDE (__bss_start = __tbss_start)
                [!provide]                        PROVIDE (__bss_size = (__bss_end - __bss_start))

._user_heap_stack
                0x20000084      0x604 load address 0x0800394c
                0x20000088                        . = ALIGN (0x8)
 *fill*         0x20000084        0x4 
                [!provide]                        PROVIDE (end = .)
                0x20000088                        PROVIDE (_end = .)
                0x20000288                        . = (. + _Min_Heap_Size)
 *fill*         0x20000088      0x200 
                0x20000688                        . = (. + _Min_Stack_Size)
 *fill*         0x20000288      0x400 
                0x20000688                        . = ALIGN (0x8)

/DISCARD/
 libc.a:*(*)
 libm.a:*(*)
 libgcc.a:*(*)
OUTPUT(OLED_test.elf elf32-littlearm)
LOAD linker stubs

.ARM.attributes
                0x00000000       0x29
 .ARM.attributes
                0x00000000       0x1d G:/app/STM32CubeCLT_1.19.0/GNU-tools-for-STM32/bin/../lib/gcc/arm-none-eabi/13.3.1/thumb/v7-m/nofp/crti.o
 .ARM.attributes
                0x0000001d       0x2d G:/app/STM32CubeCLT_1.19.0/GNU-tools-for-STM32/bin/../lib/gcc/arm-none-eabi/13.3.1/thumb/v7-m/nofp/crtbegin.o
 .ARM.attributes
                0x0000004a       0x2d cmake/stm32cubemx/CMakeFiles/STM32_Drivers.dir/__/__/Core/Src/system_stm32f1xx.c.obj
 .ARM.attributes
                0x00000077       0x2d cmake/stm32cubemx/CMakeFiles/STM32_Drivers.dir/__/__/Drivers/STM32F1xx_HAL_Driver/Src/stm32f1xx_hal_spi.c.obj
 .ARM.attributes
                0x000000a4       0x2d cmake/stm32cubemx/CMakeFiles/STM32_Drivers.dir/__/__/Drivers/STM32F1xx_HAL_Driver/Src/stm32f1xx_hal.c.obj
 .ARM.attributes
                0x000000d1       0x2d cmake/stm32cubemx/CMakeFiles/STM32_Drivers.dir/__/__/Drivers/STM32F1xx_HAL_Driver/Src/stm32f1xx_hal_rcc.c.obj
 .ARM.attributes
                0x000000fe       0x2d cmake/stm32cubemx/CMakeFiles/STM32_Drivers.dir/__/__/Drivers/STM32F1xx_HAL_Driver/Src/stm32f1xx_hal_gpio.c.obj
 .ARM.attributes
                0x0000012b       0x2d cmake/stm32cubemx/CMakeFiles/STM32_Drivers.dir/__/__/Drivers/STM32F1xx_HAL_Driver/Src/stm32f1xx_hal_cortex.c.obj
 .ARM.attributes
                0x00000158       0x2d CMakeFiles/OLED_test.dir/Core/Src/main.c.obj
 .ARM.attributes
                0x00000185       0x2d CMakeFiles/OLED_test.dir/Core/Src/gpio.c.obj
 .ARM.attributes
                0x000001b2       0x2d CMakeFiles/OLED_test.dir/Core/Src/spi.c.obj
 .ARM.attributes
                0x000001df       0x2d CMakeFiles/OLED_test.dir/Core/Src/stm32f1xx_it.c.obj
 .ARM.attributes
                0x0000020c       0x2d CMakeFiles/OLED_test.dir/Core/Src/stm32f1xx_hal_msp.c.obj
 .ARM.attributes
                0x00000239       0x21 CMakeFiles/OLED_test.dir/startup_stm32f103xb.s.obj
 .ARM.attributes
                0x0000025a       0x2d CMakeFiles/OLED_test.dir/Core/Src/OLED.c.obj
 .ARM.attributes
                0x00000287       0x2d CMakeFiles/OLED_test.dir/Core/Src/TLE5012B.c.obj
 .ARM.attributes
                0x000002b4       0x1d G:/app/STM32CubeCLT_1.19.0/GNU-tools-for-STM32/bin/../lib/gcc/arm-none-eabi/13.3.1/thumb/v7-m/nofp\libgcc.a(_arm_addsubdf3.o)
 .ARM.attributes
                0x000002d1       0x1d G:/app/STM32CubeCLT_1.19.0/GNU-tools-for-STM32/bin/../lib/gcc/arm-none-eabi/13.3.1/thumb/v7-m/nofp\libgcc.a(_arm_muldivdf3.o)
 .ARM.attributes
                0x000002ee       0x1d G:/app/STM32CubeCLT_1.19.0/GNU-tools-for-STM32/bin/../lib/gcc/arm-none-eabi/13.3.1/thumb/v7-m/nofp\libgcc.a(_arm_fixdfsi.o)
 .ARM.attributes
                0x0000030b       0x1d G:/app/STM32CubeCLT_1.19.0/GNU-tools-for-STM32/bin/../lib/gcc/arm-none-eabi/13.3.1/thumb/v7-m/nofp\libgcc.a(_arm_truncdfsf2.o)
 .ARM.attributes
                0x00000328       0x1d G:/app/STM32CubeCLT_1.19.0/GNU-tools-for-STM32/bin/../lib/gcc/arm-none-eabi/13.3.1/thumb/v7-m/nofp\libgcc.a(_arm_addsubsf3.o)
 .ARM.attributes
                0x00000345       0x1d G:/app/STM32CubeCLT_1.19.0/GNU-tools-for-STM32/bin/../lib/gcc/arm-none-eabi/13.3.1/thumb/v7-m/nofp\libgcc.a(_arm_muldivsf3.o)
 .ARM.attributes
                0x00000362       0x1d G:/app/STM32CubeCLT_1.19.0/GNU-tools-for-STM32/bin/../lib/gcc/arm-none-eabi/13.3.1/thumb/v7-m/nofp\libgcc.a(_arm_fixsfsi.o)
 .ARM.attributes
                0x0000037f       0x2d G:/app/STM32CubeCLT_1.19.0/GNU-tools-for-STM32/bin/../lib/gcc/arm-none-eabi/13.3.1/../../../../arm-none-eabi/lib/thumb/v7-m/nofp\libg_nano.a(libc_a-memset.o)
 .ARM.attributes
                0x000003ac       0x2d G:/app/STM32CubeCLT_1.19.0/GNU-tools-for-STM32/bin/../lib/gcc/arm-none-eabi/13.3.1/../../../../arm-none-eabi/lib/thumb/v7-m/nofp\libg_nano.a(libc_a-init.o)
 .ARM.attributes
                0x000003d9       0x1d G:/app/STM32CubeCLT_1.19.0/GNU-tools-for-STM32/bin/../lib/gcc/arm-none-eabi/13.3.1/thumb/v7-m/nofp/crtn.o

.comment        0x00000000       0x43
 .comment       0x00000000       0x43 cmake/stm32cubemx/CMakeFiles/STM32_Drivers.dir/__/__/Core/Src/system_stm32f1xx.c.obj
                                 0x44 (size before relaxing)
 .comment       0x00000043       0x44 cmake/stm32cubemx/CMakeFiles/STM32_Drivers.dir/__/__/Drivers/STM32F1xx_HAL_Driver/Src/stm32f1xx_hal_spi.c.obj
 .comment       0x00000043       0x44 cmake/stm32cubemx/CMakeFiles/STM32_Drivers.dir/__/__/Drivers/STM32F1xx_HAL_Driver/Src/stm32f1xx_hal.c.obj
 .comment       0x00000043       0x44 cmake/stm32cubemx/CMakeFiles/STM32_Drivers.dir/__/__/Drivers/STM32F1xx_HAL_Driver/Src/stm32f1xx_hal_rcc.c.obj
 .comment       0x00000043       0x44 cmake/stm32cubemx/CMakeFiles/STM32_Drivers.dir/__/__/Drivers/STM32F1xx_HAL_Driver/Src/stm32f1xx_hal_gpio.c.obj
 .comment       0x00000043       0x44 cmake/stm32cubemx/CMakeFiles/STM32_Drivers.dir/__/__/Drivers/STM32F1xx_HAL_Driver/Src/stm32f1xx_hal_cortex.c.obj
 .comment       0x00000043       0x44 CMakeFiles/OLED_test.dir/Core/Src/main.c.obj
 .comment       0x00000043       0x44 CMakeFiles/OLED_test.dir/Core/Src/gpio.c.obj
 .comment       0x00000043       0x44 CMakeFiles/OLED_test.dir/Core/Src/spi.c.obj
 .comment       0x00000043       0x44 CMakeFiles/OLED_test.dir/Core/Src/stm32f1xx_it.c.obj
 .comment       0x00000043       0x44 CMakeFiles/OLED_test.dir/Core/Src/stm32f1xx_hal_msp.c.obj
 .comment       0x00000043       0x44 CMakeFiles/OLED_test.dir/Core/Src/OLED.c.obj
 .comment       0x00000043       0x44 CMakeFiles/OLED_test.dir/Core/Src/TLE5012B.c.obj
 .comment       0x00000043       0x44 G:/app/STM32CubeCLT_1.19.0/GNU-tools-for-STM32/bin/../lib/gcc/arm-none-eabi/13.3.1/../../../../arm-none-eabi/lib/thumb/v7-m/nofp\libg_nano.a(libc_a-memset.o)
 .comment       0x00000043       0x44 G:/app/STM32CubeCLT_1.19.0/GNU-tools-for-STM32/bin/../lib/gcc/arm-none-eabi/13.3.1/../../../../arm-none-eabi/lib/thumb/v7-m/nofp\libg_nano.a(libc_a-init.o)

.debug_info     0x00000000     0x580b
 .debug_info    0x00000000      0x222 cmake/stm32cubemx/CMakeFiles/STM32_Drivers.dir/__/__/Core/Src/system_stm32f1xx.c.obj
 .debug_info    0x00000222     0x142d cmake/stm32cubemx/CMakeFiles/STM32_Drivers.dir/__/__/Drivers/STM32F1xx_HAL_Driver/Src/stm32f1xx_hal_spi.c.obj
 .debug_info    0x0000164f      0x704 cmake/stm32cubemx/CMakeFiles/STM32_Drivers.dir/__/__/Drivers/STM32F1xx_HAL_Driver/Src/stm32f1xx_hal.c.obj
 .debug_info    0x00001d53      0x7d5 cmake/stm32cubemx/CMakeFiles/STM32_Drivers.dir/__/__/Drivers/STM32F1xx_HAL_Driver/Src/stm32f1xx_hal_rcc.c.obj
 .debug_info    0x00002528      0x5ab cmake/stm32cubemx/CMakeFiles/STM32_Drivers.dir/__/__/Drivers/STM32F1xx_HAL_Driver/Src/stm32f1xx_hal_gpio.c.obj
 .debug_info    0x00002ad3      0xa87 cmake/stm32cubemx/CMakeFiles/STM32_Drivers.dir/__/__/Drivers/STM32F1xx_HAL_Driver/Src/stm32f1xx_hal_cortex.c.obj
 .debug_info    0x0000355a      0x3b2 CMakeFiles/OLED_test.dir/Core/Src/main.c.obj
 .debug_info    0x0000390c      0x2b7 CMakeFiles/OLED_test.dir/Core/Src/gpio.c.obj
 .debug_info    0x00003bc3      0x7bc CMakeFiles/OLED_test.dir/Core/Src/spi.c.obj
 .debug_info    0x0000437f      0x113 CMakeFiles/OLED_test.dir/Core/Src/stm32f1xx_it.c.obj
 .debug_info    0x00004492      0x1f1 CMakeFiles/OLED_test.dir/Core/Src/stm32f1xx_hal_msp.c.obj
 .debug_info    0x00004683       0x30 CMakeFiles/OLED_test.dir/startup_stm32f103xb.s.obj
 .debug_info    0x000046b3      0x661 CMakeFiles/OLED_test.dir/Core/Src/OLED.c.obj
 .debug_info    0x00004d14      0x90c CMakeFiles/OLED_test.dir/Core/Src/TLE5012B.c.obj
 .debug_info    0x00005620       0xe0 G:/app/STM32CubeCLT_1.19.0/GNU-tools-for-STM32/bin/../lib/gcc/arm-none-eabi/13.3.1/../../../../arm-none-eabi/lib/thumb/v7-m/nofp\libg_nano.a(libc_a-memset.o)
 .debug_info    0x00005700      0x10b G:/app/STM32CubeCLT_1.19.0/GNU-tools-for-STM32/bin/../lib/gcc/arm-none-eabi/13.3.1/../../../../arm-none-eabi/lib/thumb/v7-m/nofp\libg_nano.a(libc_a-init.o)

.debug_abbrev   0x00000000     0x1919
 .debug_abbrev  0x00000000      0x13f cmake/stm32cubemx/CMakeFiles/STM32_Drivers.dir/__/__/Core/Src/system_stm32f1xx.c.obj
 .debug_abbrev  0x0000013f      0x27a cmake/stm32cubemx/CMakeFiles/STM32_Drivers.dir/__/__/Drivers/STM32F1xx_HAL_Driver/Src/stm32f1xx_hal_spi.c.obj
 .debug_abbrev  0x000003b9      0x201 cmake/stm32cubemx/CMakeFiles/STM32_Drivers.dir/__/__/Drivers/STM32F1xx_HAL_Driver/Src/stm32f1xx_hal.c.obj
 .debug_abbrev  0x000005ba      0x2b3 cmake/stm32cubemx/CMakeFiles/STM32_Drivers.dir/__/__/Drivers/STM32F1xx_HAL_Driver/Src/stm32f1xx_hal_rcc.c.obj
 .debug_abbrev  0x0000086d      0x1ca cmake/stm32cubemx/CMakeFiles/STM32_Drivers.dir/__/__/Drivers/STM32F1xx_HAL_Driver/Src/stm32f1xx_hal_gpio.c.obj
 .debug_abbrev  0x00000a37      0x2f8 cmake/stm32cubemx/CMakeFiles/STM32_Drivers.dir/__/__/Drivers/STM32F1xx_HAL_Driver/Src/stm32f1xx_hal_cortex.c.obj
 .debug_abbrev  0x00000d2f      0x1af CMakeFiles/OLED_test.dir/Core/Src/main.c.obj
 .debug_abbrev  0x00000ede      0x13f CMakeFiles/OLED_test.dir/Core/Src/gpio.c.obj
 .debug_abbrev  0x0000101d      0x1e7 CMakeFiles/OLED_test.dir/Core/Src/spi.c.obj
 .debug_abbrev  0x00001204       0x73 CMakeFiles/OLED_test.dir/Core/Src/stm32f1xx_it.c.obj
 .debug_abbrev  0x00001277       0xdb CMakeFiles/OLED_test.dir/Core/Src/stm32f1xx_hal_msp.c.obj
 .debug_abbrev  0x00001352       0x24 CMakeFiles/OLED_test.dir/startup_stm32f103xb.s.obj
 .debug_abbrev  0x00001376      0x22e CMakeFiles/OLED_test.dir/Core/Src/OLED.c.obj
 .debug_abbrev  0x000015a4      0x20e CMakeFiles/OLED_test.dir/Core/Src/TLE5012B.c.obj
 .debug_abbrev  0x000017b2       0x9e G:/app/STM32CubeCLT_1.19.0/GNU-tools-for-STM32/bin/../lib/gcc/arm-none-eabi/13.3.1/../../../../arm-none-eabi/lib/thumb/v7-m/nofp\libg_nano.a(libc_a-memset.o)
 .debug_abbrev  0x00001850       0xc9 G:/app/STM32CubeCLT_1.19.0/GNU-tools-for-STM32/bin/../lib/gcc/arm-none-eabi/13.3.1/../../../../arm-none-eabi/lib/thumb/v7-m/nofp\libg_nano.a(libc_a-init.o)

.debug_aranges  0x00000000      0x700
 .debug_aranges
                0x00000000       0x28 cmake/stm32cubemx/CMakeFiles/STM32_Drivers.dir/__/__/Core/Src/system_stm32f1xx.c.obj
 .debug_aranges
                0x00000028      0x1d0 cmake/stm32cubemx/CMakeFiles/STM32_Drivers.dir/__/__/Drivers/STM32F1xx_HAL_Driver/Src/stm32f1xx_hal_spi.c.obj
 .debug_aranges
                0x000001f8       0xe0 cmake/stm32cubemx/CMakeFiles/STM32_Drivers.dir/__/__/Drivers/STM32F1xx_HAL_Driver/Src/stm32f1xx_hal.c.obj
 .debug_aranges
                0x000002d8       0x90 cmake/stm32cubemx/CMakeFiles/STM32_Drivers.dir/__/__/Drivers/STM32F1xx_HAL_Driver/Src/stm32f1xx_hal_rcc.c.obj
 .debug_aranges
                0x00000368       0x58 cmake/stm32cubemx/CMakeFiles/STM32_Drivers.dir/__/__/Drivers/STM32F1xx_HAL_Driver/Src/stm32f1xx_hal_gpio.c.obj
 .debug_aranges
                0x000003c0      0x100 cmake/stm32cubemx/CMakeFiles/STM32_Drivers.dir/__/__/Drivers/STM32F1xx_HAL_Driver/Src/stm32f1xx_hal_cortex.c.obj
 .debug_aranges
                0x000004c0       0x30 CMakeFiles/OLED_test.dir/Core/Src/main.c.obj
 .debug_aranges
                0x000004f0       0x20 CMakeFiles/OLED_test.dir/Core/Src/gpio.c.obj
 .debug_aranges
                0x00000510       0x30 CMakeFiles/OLED_test.dir/Core/Src/spi.c.obj
 .debug_aranges
                0x00000540       0x60 CMakeFiles/OLED_test.dir/Core/Src/stm32f1xx_it.c.obj
 .debug_aranges
                0x000005a0       0x20 CMakeFiles/OLED_test.dir/Core/Src/stm32f1xx_hal_msp.c.obj
 .debug_aranges
                0x000005c0       0x28 CMakeFiles/OLED_test.dir/startup_stm32f103xb.s.obj
 .debug_aranges
                0x000005e8       0x98 CMakeFiles/OLED_test.dir/Core/Src/OLED.c.obj
 .debug_aranges
                0x00000680       0x40 CMakeFiles/OLED_test.dir/Core/Src/TLE5012B.c.obj
 .debug_aranges
                0x000006c0       0x20 G:/app/STM32CubeCLT_1.19.0/GNU-tools-for-STM32/bin/../lib/gcc/arm-none-eabi/13.3.1/../../../../arm-none-eabi/lib/thumb/v7-m/nofp\libg_nano.a(libc_a-memset.o)
 .debug_aranges
                0x000006e0       0x20 G:/app/STM32CubeCLT_1.19.0/GNU-tools-for-STM32/bin/../lib/gcc/arm-none-eabi/13.3.1/../../../../arm-none-eabi/lib/thumb/v7-m/nofp\libg_nano.a(libc_a-init.o)

.debug_rnglists
                0x00000000      0x518
 .debug_rnglists
                0x00000000       0x1a cmake/stm32cubemx/CMakeFiles/STM32_Drivers.dir/__/__/Core/Src/system_stm32f1xx.c.obj
 .debug_rnglists
                0x0000001a      0x16e cmake/stm32cubemx/CMakeFiles/STM32_Drivers.dir/__/__/Drivers/STM32F1xx_HAL_Driver/Src/stm32f1xx_hal_spi.c.obj
 .debug_rnglists
                0x00000188       0xa3 cmake/stm32cubemx/CMakeFiles/STM32_Drivers.dir/__/__/Drivers/STM32F1xx_HAL_Driver/Src/stm32f1xx_hal.c.obj
 .debug_rnglists
                0x0000022b       0x6c cmake/stm32cubemx/CMakeFiles/STM32_Drivers.dir/__/__/Drivers/STM32F1xx_HAL_Driver/Src/stm32f1xx_hal_rcc.c.obj
 .debug_rnglists
                0x00000297       0x3f cmake/stm32cubemx/CMakeFiles/STM32_Drivers.dir/__/__/Drivers/STM32F1xx_HAL_Driver/Src/stm32f1xx_hal_gpio.c.obj
 .debug_rnglists
                0x000002d6       0xbb cmake/stm32cubemx/CMakeFiles/STM32_Drivers.dir/__/__/Drivers/STM32F1xx_HAL_Driver/Src/stm32f1xx_hal_cortex.c.obj
 .debug_rnglists
                0x00000391       0x21 CMakeFiles/OLED_test.dir/Core/Src/main.c.obj
 .debug_rnglists
                0x000003b2       0x14 CMakeFiles/OLED_test.dir/Core/Src/gpio.c.obj
 .debug_rnglists
                0x000003c6       0x1f CMakeFiles/OLED_test.dir/Core/Src/spi.c.obj
 .debug_rnglists
                0x000003e5       0x43 CMakeFiles/OLED_test.dir/Core/Src/stm32f1xx_it.c.obj
 .debug_rnglists
                0x00000428       0x13 CMakeFiles/OLED_test.dir/Core/Src/stm32f1xx_hal_msp.c.obj
 .debug_rnglists
                0x0000043b       0x19 CMakeFiles/OLED_test.dir/startup_stm32f103xb.s.obj
 .debug_rnglists
                0x00000454       0x71 CMakeFiles/OLED_test.dir/Core/Src/OLED.c.obj
 .debug_rnglists
                0x000004c5       0x2d CMakeFiles/OLED_test.dir/Core/Src/TLE5012B.c.obj
 .debug_rnglists
                0x000004f2       0x13 G:/app/STM32CubeCLT_1.19.0/GNU-tools-for-STM32/bin/../lib/gcc/arm-none-eabi/13.3.1/../../../../arm-none-eabi/lib/thumb/v7-m/nofp\libg_nano.a(libc_a-memset.o)
 .debug_rnglists
                0x00000505       0x13 G:/app/STM32CubeCLT_1.19.0/GNU-tools-for-STM32/bin/../lib/gcc/arm-none-eabi/13.3.1/../../../../arm-none-eabi/lib/thumb/v7-m/nofp\libg_nano.a(libc_a-init.o)

.debug_macro    0x00000000    0x164a9
 .debug_macro   0x00000000      0x18e cmake/stm32cubemx/CMakeFiles/STM32_Drivers.dir/__/__/Core/Src/system_stm32f1xx.c.obj
 .debug_macro   0x0000018e      0xacc cmake/stm32cubemx/CMakeFiles/STM32_Drivers.dir/__/__/Core/Src/system_stm32f1xx.c.obj
 .debug_macro   0x00000c5a       0x2e cmake/stm32cubemx/CMakeFiles/STM32_Drivers.dir/__/__/Core/Src/system_stm32f1xx.c.obj
 .debug_macro   0x00000c88       0x22 cmake/stm32cubemx/CMakeFiles/STM32_Drivers.dir/__/__/Core/Src/system_stm32f1xx.c.obj
 .debug_macro   0x00000caa       0x22 cmake/stm32cubemx/CMakeFiles/STM32_Drivers.dir/__/__/Core/Src/system_stm32f1xx.c.obj
 .debug_macro   0x00000ccc       0x8e cmake/stm32cubemx/CMakeFiles/STM32_Drivers.dir/__/__/Core/Src/system_stm32f1xx.c.obj
 .debug_macro   0x00000d5a       0x51 cmake/stm32cubemx/CMakeFiles/STM32_Drivers.dir/__/__/Core/Src/system_stm32f1xx.c.obj
 .debug_macro   0x00000dab      0x103 cmake/stm32cubemx/CMakeFiles/STM32_Drivers.dir/__/__/Core/Src/system_stm32f1xx.c.obj
 .debug_macro   0x00000eae       0x6a cmake/stm32cubemx/CMakeFiles/STM32_Drivers.dir/__/__/Core/Src/system_stm32f1xx.c.obj
 .debug_macro   0x00000f18      0x1df cmake/stm32cubemx/CMakeFiles/STM32_Drivers.dir/__/__/Core/Src/system_stm32f1xx.c.obj
 .debug_macro   0x000010f7       0x1c cmake/stm32cubemx/CMakeFiles/STM32_Drivers.dir/__/__/Core/Src/system_stm32f1xx.c.obj
 .debug_macro   0x00001113       0x22 cmake/stm32cubemx/CMakeFiles/STM32_Drivers.dir/__/__/Core/Src/system_stm32f1xx.c.obj
 .debug_macro   0x00001135       0xbd cmake/stm32cubemx/CMakeFiles/STM32_Drivers.dir/__/__/Core/Src/system_stm32f1xx.c.obj
 .debug_macro   0x000011f2      0xd23 cmake/stm32cubemx/CMakeFiles/STM32_Drivers.dir/__/__/Core/Src/system_stm32f1xx.c.obj
 .debug_macro   0x00001f15     0xe09e cmake/stm32cubemx/CMakeFiles/STM32_Drivers.dir/__/__/Core/Src/system_stm32f1xx.c.obj
 .debug_macro   0x0000ffb3       0x6d cmake/stm32cubemx/CMakeFiles/STM32_Drivers.dir/__/__/Core/Src/system_stm32f1xx.c.obj
 .debug_macro   0x00010020      0x215 cmake/stm32cubemx/CMakeFiles/STM32_Drivers.dir/__/__/Core/Src/system_stm32f1xx.c.obj
 .debug_macro   0x00010235     0x34a2 cmake/stm32cubemx/CMakeFiles/STM32_Drivers.dir/__/__/Core/Src/system_stm32f1xx.c.obj
 .debug_macro   0x000136d7      0x190 cmake/stm32cubemx/CMakeFiles/STM32_Drivers.dir/__/__/Core/Src/system_stm32f1xx.c.obj
 .debug_macro   0x00013867       0x5c cmake/stm32cubemx/CMakeFiles/STM32_Drivers.dir/__/__/Core/Src/system_stm32f1xx.c.obj
 .debug_macro   0x000138c3      0x5bc cmake/stm32cubemx/CMakeFiles/STM32_Drivers.dir/__/__/Core/Src/system_stm32f1xx.c.obj
 .debug_macro   0x00013e7f      0x289 cmake/stm32cubemx/CMakeFiles/STM32_Drivers.dir/__/__/Core/Src/system_stm32f1xx.c.obj
 .debug_macro   0x00014108      0x1cb cmake/stm32cubemx/CMakeFiles/STM32_Drivers.dir/__/__/Core/Src/system_stm32f1xx.c.obj
 .debug_macro   0x000142d3      0x114 cmake/stm32cubemx/CMakeFiles/STM32_Drivers.dir/__/__/Core/Src/system_stm32f1xx.c.obj
 .debug_macro   0x000143e7      0x1b2 cmake/stm32cubemx/CMakeFiles/STM32_Drivers.dir/__/__/Core/Src/system_stm32f1xx.c.obj
 .debug_macro   0x00014599       0x27 cmake/stm32cubemx/CMakeFiles/STM32_Drivers.dir/__/__/Core/Src/system_stm32f1xx.c.obj
 .debug_macro   0x000145c0      0x136 cmake/stm32cubemx/CMakeFiles/STM32_Drivers.dir/__/__/Core/Src/system_stm32f1xx.c.obj
 .debug_macro   0x000146f6      0x1bc cmake/stm32cubemx/CMakeFiles/STM32_Drivers.dir/__/__/Core/Src/system_stm32f1xx.c.obj
 .debug_macro   0x000148b2       0x34 cmake/stm32cubemx/CMakeFiles/STM32_Drivers.dir/__/__/Core/Src/system_stm32f1xx.c.obj
 .debug_macro   0x000148e6       0x3c cmake/stm32cubemx/CMakeFiles/STM32_Drivers.dir/__/__/Core/Src/system_stm32f1xx.c.obj
 .debug_macro   0x00014922       0x57 cmake/stm32cubemx/CMakeFiles/STM32_Drivers.dir/__/__/Core/Src/system_stm32f1xx.c.obj
 .debug_macro   0x00014979       0x87 cmake/stm32cubemx/CMakeFiles/STM32_Drivers.dir/__/__/Core/Src/system_stm32f1xx.c.obj
 .debug_macro   0x00014a00      0x240 cmake/stm32cubemx/CMakeFiles/STM32_Drivers.dir/__/__/Core/Src/system_stm32f1xx.c.obj
 .debug_macro   0x00014c40      0x140 cmake/stm32cubemx/CMakeFiles/STM32_Drivers.dir/__/__/Core/Src/system_stm32f1xx.c.obj
 .debug_macro   0x00014d80      0x217 cmake/stm32cubemx/CMakeFiles/STM32_Drivers.dir/__/__/Core/Src/system_stm32f1xx.c.obj
 .debug_macro   0x00014f97       0x83 cmake/stm32cubemx/CMakeFiles/STM32_Drivers.dir/__/__/Core/Src/system_stm32f1xx.c.obj
 .debug_macro   0x0001501a      0x196 cmake/stm32cubemx/CMakeFiles/STM32_Drivers.dir/__/__/Drivers/STM32F1xx_HAL_Driver/Src/stm32f1xx_hal_spi.c.obj
 .debug_macro   0x000151b0      0x1b2 cmake/stm32cubemx/CMakeFiles/STM32_Drivers.dir/__/__/Drivers/STM32F1xx_HAL_Driver/Src/stm32f1xx_hal.c.obj
 .debug_macro   0x00015362      0x1a0 cmake/stm32cubemx/CMakeFiles/STM32_Drivers.dir/__/__/Drivers/STM32F1xx_HAL_Driver/Src/stm32f1xx_hal_rcc.c.obj
 .debug_macro   0x00015502      0x1f9 cmake/stm32cubemx/CMakeFiles/STM32_Drivers.dir/__/__/Drivers/STM32F1xx_HAL_Driver/Src/stm32f1xx_hal_gpio.c.obj
 .debug_macro   0x000156fb      0x18e cmake/stm32cubemx/CMakeFiles/STM32_Drivers.dir/__/__/Drivers/STM32F1xx_HAL_Driver/Src/stm32f1xx_hal_cortex.c.obj
 .debug_macro   0x00015889      0x1cd CMakeFiles/OLED_test.dir/Core/Src/main.c.obj
 .debug_macro   0x00015a56       0x2e CMakeFiles/OLED_test.dir/Core/Src/main.c.obj
 .debug_macro   0x00015a84      0x1a2 CMakeFiles/OLED_test.dir/Core/Src/gpio.c.obj
 .debug_macro   0x00015c26      0x1a2 CMakeFiles/OLED_test.dir/Core/Src/spi.c.obj
 .debug_macro   0x00015dc8      0x1bf CMakeFiles/OLED_test.dir/Core/Src/stm32f1xx_it.c.obj
 .debug_macro   0x00015f87      0x1b5 CMakeFiles/OLED_test.dir/Core/Src/stm32f1xx_hal_msp.c.obj
 .debug_macro   0x0001613c      0x1bc CMakeFiles/OLED_test.dir/Core/Src/OLED.c.obj
 .debug_macro   0x000162f8      0x1b1 CMakeFiles/OLED_test.dir/Core/Src/TLE5012B.c.obj

.debug_line     0x00000000     0x7fa4
 .debug_line    0x00000000      0x691 cmake/stm32cubemx/CMakeFiles/STM32_Drivers.dir/__/__/Core/Src/system_stm32f1xx.c.obj
 .debug_line    0x00000691     0x1b59 cmake/stm32cubemx/CMakeFiles/STM32_Drivers.dir/__/__/Drivers/STM32F1xx_HAL_Driver/Src/stm32f1xx_hal_spi.c.obj
 .debug_line    0x000021ea      0x8c2 cmake/stm32cubemx/CMakeFiles/STM32_Drivers.dir/__/__/Drivers/STM32F1xx_HAL_Driver/Src/stm32f1xx_hal.c.obj
 .debug_line    0x00002aac      0xd7b cmake/stm32cubemx/CMakeFiles/STM32_Drivers.dir/__/__/Drivers/STM32F1xx_HAL_Driver/Src/stm32f1xx_hal_rcc.c.obj
 .debug_line    0x00003827      0x91f cmake/stm32cubemx/CMakeFiles/STM32_Drivers.dir/__/__/Drivers/STM32F1xx_HAL_Driver/Src/stm32f1xx_hal_gpio.c.obj
 .debug_line    0x00004146      0xa8c cmake/stm32cubemx/CMakeFiles/STM32_Drivers.dir/__/__/Drivers/STM32F1xx_HAL_Driver/Src/stm32f1xx_hal_cortex.c.obj
 .debug_line    0x00004bd2      0x6c0 CMakeFiles/OLED_test.dir/Core/Src/main.c.obj
 .debug_line    0x00005292      0x617 CMakeFiles/OLED_test.dir/Core/Src/gpio.c.obj
 .debug_line    0x000058a9      0x66c CMakeFiles/OLED_test.dir/Core/Src/spi.c.obj
 .debug_line    0x00005f15      0x6c0 CMakeFiles/OLED_test.dir/Core/Src/stm32f1xx_it.c.obj
 .debug_line    0x000065d5      0x612 CMakeFiles/OLED_test.dir/Core/Src/stm32f1xx_hal_msp.c.obj
 .debug_line    0x00006be7       0x78 CMakeFiles/OLED_test.dir/startup_stm32f103xb.s.obj
 .debug_line    0x00006c5f      0x96b CMakeFiles/OLED_test.dir/Core/Src/OLED.c.obj
 .debug_line    0x000075ca      0x6f7 CMakeFiles/OLED_test.dir/Core/Src/TLE5012B.c.obj
 .debug_line    0x00007cc1      0x17e G:/app/STM32CubeCLT_1.19.0/GNU-tools-for-STM32/bin/../lib/gcc/arm-none-eabi/13.3.1/../../../../arm-none-eabi/lib/thumb/v7-m/nofp\libg_nano.a(libc_a-memset.o)
 .debug_line    0x00007e3f      0x165 G:/app/STM32CubeCLT_1.19.0/GNU-tools-for-STM32/bin/../lib/gcc/arm-none-eabi/13.3.1/../../../../arm-none-eabi/lib/thumb/v7-m/nofp\libg_nano.a(libc_a-init.o)

.debug_str      0x00000000    0x7e0eb
 .debug_str     0x00000000    0x7e0eb cmake/stm32cubemx/CMakeFiles/STM32_Drivers.dir/__/__/Core/Src/system_stm32f1xx.c.obj
                              0x7c21c (size before relaxing)
 .debug_str     0x0007e0eb    0x7cb42 cmake/stm32cubemx/CMakeFiles/STM32_Drivers.dir/__/__/Drivers/STM32F1xx_HAL_Driver/Src/stm32f1xx_hal_spi.c.obj
 .debug_str     0x0007e0eb    0x7c94f cmake/stm32cubemx/CMakeFiles/STM32_Drivers.dir/__/__/Drivers/STM32F1xx_HAL_Driver/Src/stm32f1xx_hal.c.obj
 .debug_str     0x0007e0eb    0x7c64b cmake/stm32cubemx/CMakeFiles/STM32_Drivers.dir/__/__/Drivers/STM32F1xx_HAL_Driver/Src/stm32f1xx_hal_rcc.c.obj
 .debug_str     0x0007e0eb    0x7c5a2 cmake/stm32cubemx/CMakeFiles/STM32_Drivers.dir/__/__/Drivers/STM32F1xx_HAL_Driver/Src/stm32f1xx_hal_gpio.c.obj
 .debug_str     0x0007e0eb    0x7c89b cmake/stm32cubemx/CMakeFiles/STM32_Drivers.dir/__/__/Drivers/STM32F1xx_HAL_Driver/Src/stm32f1xx_hal_cortex.c.obj
 .debug_str     0x0007e0eb    0x7c574 CMakeFiles/OLED_test.dir/Core/Src/main.c.obj
 .debug_str     0x0007e0eb    0x7c269 CMakeFiles/OLED_test.dir/Core/Src/gpio.c.obj
 .debug_str     0x0007e0eb    0x7c67a CMakeFiles/OLED_test.dir/Core/Src/spi.c.obj
 .debug_str     0x0007e0eb    0x7c35c CMakeFiles/OLED_test.dir/Core/Src/stm32f1xx_it.c.obj
 .debug_str     0x0007e0eb    0x7c347 CMakeFiles/OLED_test.dir/Core/Src/stm32f1xx_hal_msp.c.obj
 .debug_str     0x0007e0eb       0x64 CMakeFiles/OLED_test.dir/startup_stm32f103xb.s.obj
 .debug_str     0x0007e0eb    0x7c463 CMakeFiles/OLED_test.dir/Core/Src/OLED.c.obj
 .debug_str     0x0007e0eb    0x7c895 CMakeFiles/OLED_test.dir/Core/Src/TLE5012B.c.obj
 .debug_str     0x0007e0eb      0x209 G:/app/STM32CubeCLT_1.19.0/GNU-tools-for-STM32/bin/../lib/gcc/arm-none-eabi/13.3.1/../../../../arm-none-eabi/lib/thumb/v7-m/nofp\libg_nano.a(libc_a-memset.o)
 .debug_str     0x0007e0eb      0x26a G:/app/STM32CubeCLT_1.19.0/GNU-tools-for-STM32/bin/../lib/gcc/arm-none-eabi/13.3.1/../../../../arm-none-eabi/lib/thumb/v7-m/nofp\libg_nano.a(libc_a-init.o)

.debug_frame    0x00000000     0x1ad0
 .debug_frame   0x00000000       0x58 cmake/stm32cubemx/CMakeFiles/STM32_Drivers.dir/__/__/Core/Src/system_stm32f1xx.c.obj
 .debug_frame   0x00000058      0x824 cmake/stm32cubemx/CMakeFiles/STM32_Drivers.dir/__/__/Drivers/STM32F1xx_HAL_Driver/Src/stm32f1xx_hal_spi.c.obj
 .debug_frame   0x0000087c      0x334 cmake/stm32cubemx/CMakeFiles/STM32_Drivers.dir/__/__/Drivers/STM32F1xx_HAL_Driver/Src/stm32f1xx_hal.c.obj
 .debug_frame   0x00000bb0      0x218 cmake/stm32cubemx/CMakeFiles/STM32_Drivers.dir/__/__/Drivers/STM32F1xx_HAL_Driver/Src/stm32f1xx_hal_rcc.c.obj
 .debug_frame   0x00000dc8      0x14c cmake/stm32cubemx/CMakeFiles/STM32_Drivers.dir/__/__/Drivers/STM32F1xx_HAL_Driver/Src/stm32f1xx_hal_gpio.c.obj
 .debug_frame   0x00000f14      0x428 cmake/stm32cubemx/CMakeFiles/STM32_Drivers.dir/__/__/Drivers/STM32F1xx_HAL_Driver/Src/stm32f1xx_hal_cortex.c.obj
 .debug_frame   0x0000133c       0x6c CMakeFiles/OLED_test.dir/Core/Src/main.c.obj
 .debug_frame   0x000013a8       0x34 CMakeFiles/OLED_test.dir/Core/Src/gpio.c.obj
 .debug_frame   0x000013dc       0x74 CMakeFiles/OLED_test.dir/Core/Src/spi.c.obj
 .debug_frame   0x00001450      0x104 CMakeFiles/OLED_test.dir/Core/Src/stm32f1xx_it.c.obj
 .debug_frame   0x00001554       0x38 CMakeFiles/OLED_test.dir/Core/Src/stm32f1xx_hal_msp.c.obj
 .debug_frame   0x0000158c      0x250 CMakeFiles/OLED_test.dir/Core/Src/OLED.c.obj
 .debug_frame   0x000017dc       0xbc CMakeFiles/OLED_test.dir/Core/Src/TLE5012B.c.obj
 .debug_frame   0x00001898       0xac G:/app/STM32CubeCLT_1.19.0/GNU-tools-for-STM32/bin/../lib/gcc/arm-none-eabi/13.3.1/thumb/v7-m/nofp\libgcc.a(_arm_addsubdf3.o)
 .debug_frame   0x00001944       0x50 G:/app/STM32CubeCLT_1.19.0/GNU-tools-for-STM32/bin/../lib/gcc/arm-none-eabi/13.3.1/thumb/v7-m/nofp\libgcc.a(_arm_muldivdf3.o)
 .debug_frame   0x00001994       0x24 G:/app/STM32CubeCLT_1.19.0/GNU-tools-for-STM32/bin/../lib/gcc/arm-none-eabi/13.3.1/thumb/v7-m/nofp\libgcc.a(_arm_fixdfsi.o)
 .debug_frame   0x000019b8       0x24 G:/app/STM32CubeCLT_1.19.0/GNU-tools-for-STM32/bin/../lib/gcc/arm-none-eabi/13.3.1/thumb/v7-m/nofp\libgcc.a(_arm_truncdfsf2.o)
 .debug_frame   0x000019dc       0x4c G:/app/STM32CubeCLT_1.19.0/GNU-tools-for-STM32/bin/../lib/gcc/arm-none-eabi/13.3.1/thumb/v7-m/nofp\libgcc.a(_arm_addsubsf3.o)
 .debug_frame   0x00001a28       0x38 G:/app/STM32CubeCLT_1.19.0/GNU-tools-for-STM32/bin/../lib/gcc/arm-none-eabi/13.3.1/thumb/v7-m/nofp\libgcc.a(_arm_muldivsf3.o)
 .debug_frame   0x00001a60       0x24 G:/app/STM32CubeCLT_1.19.0/GNU-tools-for-STM32/bin/../lib/gcc/arm-none-eabi/13.3.1/thumb/v7-m/nofp\libgcc.a(_arm_fixsfsi.o)
 .debug_frame   0x00001a84       0x20 G:/app/STM32CubeCLT_1.19.0/GNU-tools-for-STM32/bin/../lib/gcc/arm-none-eabi/13.3.1/../../../../arm-none-eabi/lib/thumb/v7-m/nofp\libg_nano.a(libc_a-memset.o)
 .debug_frame   0x00001aa4       0x2c G:/app/STM32CubeCLT_1.19.0/GNU-tools-for-STM32/bin/../lib/gcc/arm-none-eabi/13.3.1/../../../../arm-none-eabi/lib/thumb/v7-m/nofp\libg_nano.a(libc_a-init.o)

.debug_line_str
                0x00000000       0x48
 .debug_line_str
                0x00000000       0x48 CMakeFiles/OLED_test.dir/startup_stm32f103xb.s.obj

.debug_loclists
                0x00000000       0x6f
 .debug_loclists
                0x00000000       0x3b G:/app/STM32CubeCLT_1.19.0/GNU-tools-for-STM32/bin/../lib/gcc/arm-none-eabi/13.3.1/../../../../arm-none-eabi/lib/thumb/v7-m/nofp\libg_nano.a(libc_a-memset.o)
 .debug_loclists
                0x0000003b       0x34 G:/app/STM32CubeCLT_1.19.0/GNU-tools-for-STM32/bin/../lib/gcc/arm-none-eabi/13.3.1/../../../../arm-none-eabi/lib/thumb/v7-m/nofp\libg_nano.a(libc_a-init.o)
